2026-08-29T11:28:46.2090183Z [] PowerSEntry started.
2026-08-29T11:36:34.7360496Z [WARNING] A collector could not not access some infomration.
2026-08-29T12:12:39.3882824Z [INFO] Audit started . Run ID: cb700bc6-558d-45bd-88b0-1819a307d5f1
2026-08-29T12:12:39.5080301Z [WARNING] PowerSentryX is not running with administrator privileges. some checks may be unavailable.
2026-08-29T12:14:50.0506266Z [INFO] Audit started . Run ID: 91d8abb6-aa1d-4e2b-a032-2bc6f147d2c7
2026-08-29T12:14:50.0948400Z [WARNING] PowerSentryX is not running with administrator privileges. some checks may be unavailable.
2026-08-29T12:16:06.6980603Z [INFO] Audit started . Run ID: 6c1e979a-e7ee-495a-ac0f-8173da69403d
2026-08-29T12:16:06.7590048Z [WARNING] PowerSentryX is not running with administrator privileges. some checks may be unavailable.
2026-08-29T12:17:08.6490240Z [INFO] Audit started . Run ID: 6289fd1d-0c3e-40c4-b222-722133627b19
2026-08-29T12:17:08.6538873Z [WARNING] PowerSentryX is not running with administrator privileges. some checks may be unavailable.
2026-08-29T12:17:57.0800681Z [INFO] Audit started . Run ID: cc7a3615-3e71-4bd5-9217-de41164e595f
2026-08-29T12:17:57.0874340Z [WARNING] PowerSentryX is not running with administrator privileges. some checks may be unavailable.
2026-08-29T12:18:45.2200548Z [INFO] Audit started . Run ID: f28b38f6-bc0a-4c03-9b6b-b15e5ee4c10d
2026-08-29T12:18:45.2244671Z [WARNING] PowerSentryX is not running with administrator privileges. some checks may be unavailable.
2026-08-29T12:18:54.3637652Z [INFO] Audit started . Run ID: df9eaa00-8e94-43c2-a6ea-62db2e810aa3
2026-08-29T12:18:54.3665079Z [WARNING] PowerSentryX is not running with administrator privileges. some checks may be unavailable.
2026-08-29T12:20:59.5537299Z [INFO] Audit started . Run ID: 442f042a-32da-4ed2-95fc-cc8103a26716
2026-08-29T12:20:59.5585345Z [WARNING] PowerSentryX is not running with administrator privileges. some checks may be unavailable.
2026-08-29T12:21:09.2162564Z [INFO] Audit started . Run ID: f1032807-623e-4c85-bb36-cbe6a1cf446b
2026-08-29T12:21:09.2198234Z [WARNING] PowerSentryX is not running with administrator privileges. some checks may be unavailable.
2026-08-29T12:22:00.9094349Z [INFO] Audit started . Run ID: fadbcb4f-42d0-42ef-b6a8-0469353c0ae9
2026-08-29T12:22:00.9135364Z [WARNING] PowerSentryX is not running with administrator privileges. some checks may be unavailable.
2026-08-29T12:23:06.7474366Z [INFO] Audit started . Run ID: 55d92cec-7684-46f6-9274-a72f271de34c
2026-08-29T12:23:06.7500128Z [WARNING] PowerSentryX is not running with administrator privileges. some checks may be unavailable.
2026-08-29T12:23:44.5694432Z [INFO] Audit started . Run ID: 02de70e8-5c7b-4d9c-ba1b-fdae34a0916b
2026-08-29T12:23:44.5746081Z [WARNING] PowerSentryX is not running with administrator privileges. some checks may be unavailable.
2026-09-01T21:16:01.4666404Z [INFO] Audit started . Run ID: 33206c49-11ca-4e22-8005-62d6229cc2b1
2026-09-01T21:16:01.4897977Z [WARNING] PowerSentryX is not running with administrator privileges. some checks may be unavailable.
2026-09-03T11:22:33.5220978Z [INFO] Audit started . Run ID: b1e33009-c3a1-4668-be06-188f2b0cabd1
2026-09-03T11:22:33.5502000Z [WARNING] PowerSentryX is not running with administrator privileges. some checks may be unavailable.
2026-09-03T11:22:33.6518377Z [INFO] JSON report created: 
2026-09-03T11:55:23.4985765Z [INFO] Audit started. Run ID: 455dd3f7-d1dd-4785-be24-e7fc653b1ea2
2026-09-03T11:55:23.5035756Z [WARNING] PowerSentryX is not running with administrator privileges. Some checks may be unavailable.
2026-09-03T11:55:26.6912699Z [INFO] JSON report created: C:\Users\mokht\OneDrive\Desktop\PowerSentryX\PSX\reports\audit-455dd3f7-d1dd-4785-be24-e7fc653b1ea2.json
2026-09-03T12:13:41.6286321Z [INFO] Audit started. Run ID: 21f306f3-17aa-41d8-b631-244d3ecd691c
2026-09-03T12:13:41.6318032Z [WARNING] PowerSentryX is not running with administrator privileges. Some checks may be unavailable.
2026-09-03T12:13:42.1175254Z [INFO] JSON report created: C:\Users\mokht\OneDrive\Desktop\PowerSentryX\PSX\reports\audit-21f306f3-17aa-41d8-b631-244d3ecd691c.json
2026-09-04T10:21:43.1105299Z [INFO] Audit started. Run ID: 458eb1d7-3596-4bfb-948e-09775430fa34
2026-09-04T10:21:43.1434192Z [INFO] PowerSentryX is running with administrator privileges.
2026-09-04T10:22:03.9278116Z [INFO] JSON report created: C:\Users\mokht\OneDrive\Desktop\PowerSentryX\PSX\reports\audit-458eb1d7-3596-4bfb-948e-09775430fa34.json
